
Map:   0%|          | 0/64 [00:00<?, ? examples/s]
Map: 100%|##########| 64/64 [00:00<00:00, 792.31 examples/s]

Map:   0%|          | 0/8 [00:00<?, ? examples/s]
Map: 100%|##########| 8/8 [00:00<00:00, 647.17 examples/s]

Map:   0%|          | 0/8 [00:00<?, ? examples/s]
Map: 100%|##########| 8/8 [00:00<00:00, 539.52 examples/s]

  0%|          | 0/20 [00:00<?, ?it/s]
  5%|5         | 1/20 [00:00<00:02,  7.98it/s]
 15%|#5        | 3/20 [00:00<00:01, 10.66it/s]
 25%|##5       | 5/20 [00:00<00:01, 11.64it/s]
 35%|###5      | 7/20 [00:00<00:01, 11.94it/s]
 45%|####5     | 9/20 [00:01<00:01,  7.88it/s]
 55%|#####5    | 11/20 [00:01<00:01,  8.82it/s]
 65%|######5   | 13/20 [00:01<00:00,  9.47it/s]
 75%|#######5  | 15/20 [00:01<00:00,  9.76it/s]
 85%|########5 | 17/20 [00:01<00:00,  7.47it/s]
 95%|#########5| 19/20 [00:02<00:00,  8.31it/s]

  0%|          | 0/8 [00:00<?, ?it/s][A

 25%|##5       | 2/8 [00:01<00:05,  1.16it/s][A

 38%|###7      | 3/8 [00:03<00:05,  1.11s/it][A

 50%|#####     | 4/8 [00:04<00:04,  1.19s/it][A

 62%|######2   | 5/8 [00:06<00:04,  1.37s/it][A

 75%|#######5  | 6/8 [00:08<00:03,  1.57s/it][A

 88%|########7 | 7/8 [00:10<00:01,  1.71s/it][A

100%|##########| 8/8 [00:12<00:00,  1.77s/it][A
                                               


                                             
[A
100%|##########| 20/20 [00:17<00:00,  8.31it/s]

100%|##########| 8/8 [00:12<00:00,  1.77s/it][A

                                             [AThere were missing keys in the checkpoint model loaded: ['encoder.embed_tokens.weight', 'decoder.embed_tokens.weight', 'lm_head.weight'].

                                               

100%|##########| 20/20 [00:18<00:00,  8.31it/s]
100%|##########| 20/20 [00:18<00:00,  1.11it/s]
{'eval_loss': 5.578455924987793, 'eval_chrf_pp': 0.0, 'eval_runtime': 15.6437, 'eval_samples_per_second': 0.511, 'eval_steps_per_second': 0.511, 'epoch': 0.31}
{'train_runtime': 18.0673, 'train_samples_per_second': 1.107, 'train_steps_per_second': 1.107, 'train_loss': 5.9203132629394535, 'epoch': 0.31}

  0%|          | 0/8 [00:00<?, ?it/s]
 25%|##5       | 2/8 [00:01<00:05,  1.01it/s]
 38%|###7      | 3/8 [00:03<00:06,  1.33s/it]
 50%|#####     | 4/8 [00:05<00:05,  1.49s/it]
 62%|######2   | 5/8 [00:06<00:04,  1.38s/it]
 75%|#######5  | 6/8 [00:07<00:02,  1.31s/it]
 88%|########7 | 7/8 [00:09<00:01,  1.51s/it]
100%|##########| 8/8 [00:11<00:00,  1.58s/it]
100%|##########| 8/8 [00:12<00:00,  1.54s/it]

  0%|          | 0/4 [00:00<?, ?it/s]
 50%|#####     | 2/4 [00:01<00:01,  1.48it/s]
 75%|#######5  | 3/4 [00:02<00:00,  1.11it/s]
100%|##########| 4/4 [00:03<00:00,  1.01s/it]
100%|##########| 4/4 [00:03<00:00,  1.01it/s]

  0%|          | 0/4 [00:00<?, ?it/s]
 50%|#####     | 2/4 [00:01<00:01,  1.75it/s]
 75%|#######5  | 3/4 [00:02<00:00,  1.16it/s]
100%|##########| 4/4 [00:03<00:00,  1.01s/it]
100%|##########| 4/4 [00:03<00:00,  1.01it/s]
{
  "prueba_loss": 5.22737455368042,
  "prueba_chrf_pp": 0.0,
  "prueba_runtime": 14.7589,
  "prueba_samples_per_second": 0.542,
  "prueba_steps_per_second": 0.542,
  "epoch": 0.3125,
  "por_direccion": {
    "1_a_2": {
      "1_a_2_loss": 5.363638877868652,
      "1_a_2_chrf_pp": 0.0,
      "1_a_2_runtime": 5.7535,
      "1_a_2_samples_per_second": 0.695,
      "1_a_2_steps_per_second": 0.695
    },
    "2_a_1": {
      "2_a_1_loss": 5.0911102294921875,
      "2_a_1_chrf_pp": 0.0,
      "2_a_1_runtime": 5.0813,
      "2_a_1_samples_per_second": 0.787,
      "2_a_1_steps_per_second": 0.787
    }
  }
}
