
Map:   0%|          | 0/64 [00:00<?, ? examples/s]
Map: 100%|##########| 64/64 [00:00<00:00, 768.89 examples/s]

Map:   0%|          | 0/8 [00:00<?, ? examples/s]
Map: 100%|##########| 8/8 [00:00<00:00, 585.39 examples/s]

Map:   0%|          | 0/8 [00:00<?, ? examples/s]
Map: 100%|##########| 8/8 [00:00<00:00, 573.53 examples/s]

  0%|          | 0/20 [00:00<?, ?it/s]
  5%|5         | 1/20 [00:00<00:01,  9.83it/s]
 15%|#5        | 3/20 [00:00<00:01, 14.94it/s]
 25%|##5       | 5/20 [00:00<00:00, 16.81it/s]
 35%|###5      | 7/20 [00:00<00:00, 16.50it/s]
 45%|####5     | 9/20 [00:00<00:00, 15.25it/s]
 55%|#####5    | 11/20 [00:00<00:00, 14.87it/s]
 65%|######5   | 13/20 [00:00<00:00, 14.99it/s]
 75%|#######5  | 15/20 [00:00<00:00, 15.11it/s]
 85%|########5 | 17/20 [00:01<00:00, 15.18it/s]
 95%|#########5| 19/20 [00:01<00:00, 15.34it/s]

  0%|          | 0/8 [00:00<?, ?it/s][A

 25%|##5       | 2/8 [00:02<00:08,  1.40s/it][A

 38%|###7      | 3/8 [00:05<00:08,  1.77s/it][A

 50%|#####     | 4/8 [00:07<00:07,  1.87s/it][A

 62%|######2   | 5/8 [00:09<00:05,  1.94s/it][A

 75%|#######5  | 6/8 [00:11<00:03,  1.96s/it][A

 88%|########7 | 7/8 [00:13<00:01,  1.96s/it][A

100%|##########| 8/8 [00:15<00:00,  2.10s/it][A
100%|##########| 20/20 [00:19<00:00, 15.34it/s]
                                               


                                             
[A
100%|##########| 20/20 [00:19<00:00, 15.34it/s]

100%|##########| 8/8 [00:16<00:00,  2.10s/it][A

                                             [AThere were missing keys in the checkpoint model loaded: ['encoder.embed_tokens.weight', 'decoder.embed_tokens.weight', 'lm_head.weight'].

                                               

100%|##########| 20/20 [00:20<00:00, 15.34it/s]
100%|##########| 20/20 [00:20<00:00,  1.01s/it]
{'eval_loss': 5.4444169998168945, 'eval_chrf_pp': 0.0, 'eval_runtime': 18.6685, 'eval_samples_per_second': 0.429, 'eval_steps_per_second': 0.429, 'epoch': 0.31}
{'train_runtime': 20.1271, 'train_samples_per_second': 0.994, 'train_steps_per_second': 0.994, 'train_loss': 6.0740001678466795, 'epoch': 0.31}

  0%|          | 0/8 [00:00<?, ?it/s]
 25%|##5       | 2/8 [00:02<00:07,  1.25s/it]
 38%|###7      | 3/8 [00:05<00:08,  1.78s/it]
 50%|#####     | 4/8 [00:07<00:07,  1.99s/it]
 62%|######2   | 5/8 [00:09<00:06,  2.03s/it]
 75%|#######5  | 6/8 [00:11<00:04,  2.02s/it]
 88%|########7 | 7/8 [00:13<00:01,  1.98s/it]
100%|##########| 8/8 [00:15<00:00,  1.98s/it]
100%|##########| 8/8 [00:16<00:00,  2.00s/it]

  0%|          | 0/4 [00:00<?, ?it/s]
 50%|#####     | 2/4 [00:02<00:02,  1.07s/it]
 75%|#######5  | 3/4 [00:04<00:01,  1.45s/it]
100%|##########| 4/4 [00:06<00:00,  1.63s/it]
100%|##########| 4/4 [00:06<00:00,  1.60s/it]

  0%|          | 0/4 [00:00<?, ?it/s]
 50%|#####     | 2/4 [00:01<00:01,  1.05it/s]
 75%|#######5  | 3/4 [00:04<00:01,  1.51s/it]
100%|##########| 4/4 [00:06<00:00,  1.74s/it]
100%|##########| 4/4 [00:06<00:00,  1.71s/it]
{
  "prueba_loss": 5.382521152496338,
  "prueba_chrf_pp": 0.0,
  "prueba_runtime": 18.362,
  "prueba_samples_per_second": 0.436,
  "prueba_steps_per_second": 0.436,
  "epoch": 0.3125,
  "por_direccion": {
    "3_a_4": {
      "3_a_4_loss": 5.479658603668213,
      "3_a_4_chrf_pp": 0.0,
      "3_a_4_runtime": 8.9927,
      "3_a_4_samples_per_second": 0.445,
      "3_a_4_steps_per_second": 0.445
    },
    "4_a_3": {
      "4_a_3_loss": 5.285383701324463,
      "4_a_3_chrf_pp": 0.0,
      "4_a_3_runtime": 8.8289,
      "4_a_3_samples_per_second": 0.453,
      "4_a_3_steps_per_second": 0.453
    }
  }
}
