
Map:   0%|          | 0/6605 [00:00<?, ? examples/s]
Map:   1%|▏         | 91/6605 [00:00<00:07, 867.32 examples/s]
Map:   3%|▎         | 220/6605 [00:00<00:07, 854.44 examples/s]
Map:   5%|▌         | 339/6605 [00:00<00:07, 820.24 examples/s]
Map:   6%|▋         | 423/6605 [00:00<00:07, 824.78 examples/s]
Map:   9%|▊         | 574/6605 [00:00<00:07, 783.09 examples/s]
Map:  10%|█         | 664/6605 [00:00<00:07, 810.31 examples/s]
Map:  11%|█▏        | 756/6605 [00:00<00:07, 835.45 examples/s]
Map:  13%|█▎        | 847/6605 [00:01<00:06, 852.31 examples/s]
Map:  14%|█▍        | 948/6605 [00:01<00:06, 895.50 examples/s]
Map:  16%|█▌        | 1054/6605 [00:01<00:09, 576.32 examples/s]
Map:  17%|█▋        | 1139/6605 [00:01<00:08, 627.60 examples/s]
Map:  19%|█▉        | 1264/6605 [00:01<00:07, 686.94 examples/s]
Map:  21%|██        | 1378/6605 [00:01<00:06, 785.49 examples/s]
Map:  23%|██▎       | 1501/6605 [00:01<00:05, 890.78 examples/s]
Map:  25%|██▍       | 1623/6605 [00:01<00:05, 973.20 examples/s]
Map:  26%|██▌       | 1730/6605 [00:02<00:04, 996.42 examples/s]
Map:  28%|██▊       | 1855/6605 [00:02<00:05, 935.22 examples/s]
Map:  30%|██▉       | 1954/6605 [00:02<00:05, 839.36 examples/s]
Map:  31%|███▏      | 2066/6605 [00:02<00:05, 804.48 examples/s]
Map:  33%|███▎      | 2180/6605 [00:02<00:05, 880.91 examples/s]
Map:  35%|███▍      | 2289/6605 [00:02<00:04, 932.36 examples/s]
Map:  37%|███▋      | 2415/6605 [00:02<00:04, 1017.69 examples/s]
Map:  39%|███▊      | 2555/6605 [00:02<00:03, 1120.53 examples/s]
Map:  41%|████      | 2679/6605 [00:03<00:03, 1009.74 examples/s]
Map:  42%|████▏     | 2787/6605 [00:03<00:03, 1025.57 examples/s]
Map:  44%|████▍     | 2939/6605 [00:03<00:03, 1019.41 examples/s]
Map:  46%|████▌     | 3048/6605 [00:03<00:03, 982.28 examples/s] 
Map:  48%|████▊     | 3160/6605 [00:03<00:03, 1017.05 examples/s]
Map:  50%|█████     | 3331/6605 [00:03<00:03, 1056.11 examples/s]
Map:  52%|█████▏    | 3457/6605 [00:03<00:02, 1105.91 examples/s]
Map:  55%|█████▍    | 3624/6605 [00:03<00:02, 1251.28 examples/s]
Map:  58%|█████▊    | 3814/6605 [00:04<00:01, 1426.03 examples/s]
Map:  60%|██████    | 3965/6605 [00:04<00:01, 1447.45 examples/s]
Map:  62%|██████▏   | 4117/6605 [00:04<00:01, 1464.00 examples/s]
Map:  65%|██████▍   | 4289/6605 [00:04<00:01, 1338.08 examples/s]
Map:  67%|██████▋   | 4437/6605 [00:04<00:01, 1374.43 examples/s]
Map:  69%|██████▉   | 4586/6605 [00:04<00:01, 1404.57 examples/s]
Map:  72%|███████▏  | 4737/6605 [00:04<00:01, 1251.51 examples/s]
Map:  74%|███████▍  | 4882/6605 [00:04<00:01, 1151.55 examples/s]
Map:  76%|███████▋  | 5047/6605 [00:05<00:01, 980.26 examples/s] 
Map:  78%|███████▊  | 5175/6605 [00:05<00:01, 942.57 examples/s]
Map:  80%|████████  | 5316/6605 [00:05<00:01, 936.56 examples/s]
Map:  82%|████████▏ | 5420/6605 [00:05<00:01, 958.12 examples/s]
Map:  84%|████████▍ | 5548/6605 [00:05<00:01, 919.92 examples/s]
Map:  86%|████████▌ | 5649/6605 [00:05<00:01, 937.59 examples/s]
Map:  88%|████████▊ | 5796/6605 [00:05<00:00, 948.61 examples/s]
Map:  89%|████████▉ | 5898/6605 [00:06<00:00, 962.77 examples/s]
Map:  91%|█████████ | 6000/6605 [00:06<00:00, 845.89 examples/s]
Map:  92%|█████████▏| 6093/6605 [00:06<00:00, 865.55 examples/s]
Map:  94%|█████████▎| 6190/6605 [00:06<00:00, 889.69 examples/s]
Map:  95%|█████████▌| 6299/6605 [00:06<00:00, 941.91 examples/s]
Map:  97%|█████████▋| 6400/6605 [00:06<00:00, 958.28 examples/s]
Map:  98%|█████████▊| 6503/6605 [00:06<00:00, 973.47 examples/s]
Map: 100%|██████████| 6605/6605 [00:06<00:00, 870.00 examples/s]
Map: 100%|██████████| 6605/6605 [00:06<00:00, 965.53 examples/s]

Map:   0%|          | 0/704 [00:00<?, ? examples/s]
Map:  13%|█▎        | 91/704 [00:00<00:00, 868.66 examples/s]
Map:  30%|███       | 214/704 [00:00<00:00, 828.89 examples/s]
Map:  45%|████▍     | 314/704 [00:00<00:00, 888.32 examples/s]
Map:  59%|█████▊    | 412/704 [00:00<00:00, 917.14 examples/s]
Map:  77%|███████▋  | 541/704 [00:00<00:00, 886.04 examples/s]
Map:  91%|█████████ | 639/704 [00:00<00:00, 911.39 examples/s]
Map: 100%|██████████| 704/704 [00:00<00:00, 817.10 examples/s]

Map:   0%|          | 0/726 [00:00<?, ? examples/s]
Map:  15%|█▌        | 111/726 [00:00<00:00, 1070.21 examples/s]
Map:  33%|███▎      | 236/726 [00:00<00:00, 1171.29 examples/s]
Map:  55%|█████▍    | 398/726 [00:00<00:00, 1115.13 examples/s]
Map:  73%|███████▎  | 529/726 [00:00<00:00, 999.07 examples/s] 
Map:  93%|█████████▎| 676/726 [00:00<00:00, 989.20 examples/s]
Map: 100%|██████████| 726/726 [00:00<00:00, 937.54 examples/s]

  0%|          | 0/1656 [00:00<?, ?it/s]
  0%|          | 1/1656 [01:40<46:23:42, 100.92s/it]
  0%|          | 2/1656 [03:21<46:16:00, 100.70s/it]
  0%|          | 3/1656 [04:53<44:21:26, 96.60s/it] 
  0%|          | 4/1656 [06:25<43:28:25, 94.74s/it]
  0%|          | 5/1656 [07:38<39:50:40, 86.88s/it]
  0%|          | 6/1656 [08:55<38:18:46, 83.59s/it]
  0%|          | 7/1656 [10:01<35:40:57, 77.90s/it]
  0%|          | 8/1656 [11:15<35:08:56, 76.78s/it]
  1%|          | 9/1656 [12:40<36:14:11, 79.21s/it]
  1%|          | 10/1656 [14:17<38:48:40, 84.88s/it]
  1%|          | 11/1656 [15:57<40:46:46, 89.24s/it]
  1%|          | 12/1656 [17:32<41:38:40, 91.19s/it]
  1%|          | 13/1656 [19:05<41:50:45, 91.69s/it]
  1%|          | 14/1656 [20:36<41:42:41, 91.45s/it]
  1%|          | 15/1656 [22:13<42:29:58, 93.23s/it]
  1%|          | 16/1656 [23:52<43:11:44, 94.82s/it]
  1%|          | 17/1656 [25:27<43:10:35, 94.84s/it]
  1%|          | 18/1656 [27:01<43:08:04, 94.80s/it]
  1%|          | 19/1656 [28:41<43:47:39, 96.31s/it]
  1%|          | 20/1656 [30:20<44:07:01, 97.08s/it]
  1%|▏         | 21/1656 [32:04<45:02:23, 99.17s/it]
  1%|▏         | 22/1656 [33:44<45:05:10, 99.33s/it]
  1%|▏         | 23/1656 [35:24<45:10:09, 99.58s/it]
  1%|▏         | 24/1656 [37:02<44:52:58, 99.01s/it]
  2%|▏         | 25/1656 [38:42<45:02:58, 99.44s/it]
                                                    
{'loss': 3.6098, 'grad_norm': 14.102909088134766, 'learning_rate': 0.00019710144927536234, 'epoch': 0.12}

  2%|▏         | 25/1656 [38:42<45:02:58, 99.44s/it]
  2%|▏         | 26/1656 [40:19<44:41:24, 98.70s/it]
  2%|▏         | 27/1656 [41:55<44:15:05, 97.79s/it]
  2%|▏         | 28/1656 [43:33<44:20:27, 98.05s/it]
  2%|▏         | 29/1656 [45:17<45:00:41, 99.60s/it]
  2%|▏         | 30/1656 [46:55<44:47:55, 99.19s/it]
  2%|▏         | 31/1656 [48:33<44:37:38, 98.87s/it]
  2%|▏         | 32/1656 [50:12<44:39:41, 99.00s/it]
  2%|▏         | 33/1656 [51:51<44:33:56, 98.85s/it]
  2%|▏         | 34/1656 [53:27<44:13:43, 98.16s/it]
  2%|▏         | 35/1656 [55:05<44:10:36, 98.11s/it]
  2%|▏         | 36/1656 [56:44<44:10:17, 98.16s/it]
  2%|▏         | 37/1656 [58:19<43:48:18, 97.41s/it]
  2%|▏         | 38/1656 [59:57<43:53:19, 97.65s/it]
  2%|▏         | 39/1656 [1:01:37<44:06:48, 98.21s/it]
  2%|▏         | 40/1656 [1:03:10<43:26:36, 96.78s/it]
  2%|▏         | 41/1656 [1:04:50<43:48:47, 97.66s/it]
  3%|▎         | 42/1656 [1:06:26<43:34:17, 97.19s/it]
  3%|▎         | 43/1656 [1:08:02<43:20:42, 96.74s/it]
  3%|▎         | 44/1656 [1:09:37<43:07:32, 96.31s/it]
  3%|▎         | 45/1656 [1:11:13<42:59:03, 96.05s/it]
  3%|▎         | 46/1656 [1:12:50<43:06:56, 96.41s/it]
  3%|▎         | 47/1656 [1:14:29<43:23:22, 97.08s/it]
  3%|▎         | 48/1656 [1:16:05<43:14:48, 96.82s/it]
  3%|▎         | 49/1656 [1:17:40<42:59:30, 96.31s/it]
  3%|▎         | 50/1656 [1:19:10<42:03:52, 94.29s/it]
                                                      

{'loss': 2.3992, 'grad_norm': 4.780465602874756, 'learning_rate': 0.00019408212560386473, 'epoch': 0.24}
  3%|▎         | 50/1656 [1:19:10<42:03:52, 94.29s/it]
  3%|▎         | 51/1656 [1:20:44<42:00:00, 94.21s/it]
  3%|▎         | 52/1656 [1:22:14<41:27:22, 93.04s/it]
  3%|▎         | 53/1656 [1:23:43<40:50:35, 91.73s/it]
  3%|▎         | 54/1656 [1:24:58<38:42:04, 86.97s/it]
  3%|▎         | 55/1656 [1:25:58<34:58:54, 78.66s/it]
  3%|▎         | 56/1656 [1:26:57<32:26:56, 73.01s/it]
  3%|▎         | 57/1656 [1:27:54<30:12:07, 68.00s/it]
  4%|▎         | 58/1656 [1:29:00<29:56:42, 67.46s/it]
  4%|▎         | 59/1656 [1:30:32<33:12:50, 74.87s/it]
  4%|▎         | 60/1656 [1:32:09<36:06:25, 81.44s/it]
  4%|▎         | 61/1656 [1:33:44<37:56:43, 85.64s/it]
  4%|▎         | 62/1656 [1:35:18<38:58:21, 88.02s/it]
  4%|▍         | 63/1656 [1:36:47<39:02:11, 88.22s/it]
  4%|▍         | 64/1656 [1:37:59<36:57:12, 83.56s/it]
  4%|▍         | 65/1656 [1:39:10<35:17:15, 79.85s/it]
  4%|▍         | 66/1656 [1:40:25<34:29:39, 78.10s/it]
  4%|▍         | 67/1656 [1:41:37<33:47:11, 76.55s/it]
  4%|▍         | 68/1656 [1:42:46<32:41:32, 74.11s/it]
  4%|▍         | 69/1656 [1:43:57<32:15:47, 73.19s/it]
  4%|▍         | 70/1656 [1:45:09<32:03:57, 72.79s/it]
  4%|▍         | 71/1656 [1:46:16<31:15:06, 70.98s/it]
  4%|▍         | 72/1656 [1:47:13<29:27:54, 66.97s/it]
  4%|▍         | 73/1656 [1:48:12<28:23:54, 64.58s/it]
  4%|▍         | 74/1656 [1:49:12<27:47:44, 63.25s/it]
{'loss': 2.1916, 'grad_norm': 4.084050178527832, 'learning_rate': 0.00019106280193236717, 'epoch': 0.36}
  5%|▍         | 75/1656 [1:50:13<27:27:10, 62.51s/it]
                                                      

  5%|▍         | 75/1656 [1:50:13<27:27:10, 62.51s/it]
  5%|▍         | 76/1656 [1:51:13<27:05:34, 61.73s/it]
  5%|▍         | 77/1656 [1:52:13<26:47:06, 61.07s/it]
  5%|▍         | 78/1656 [1:53:10<26:21:40, 60.14s/it]
  5%|▍         | 79/1656 [1:54:07<25:51:41, 59.04s/it]
  5%|▍         | 80/1656 [1:55:06<25:47:10, 58.90s/it]
  5%|▍         | 81/1656 [1:56:08<26:14:26, 59.98s/it]
  5%|▍         | 82/1656 [1:57:10<26:25:35, 60.44s/it]
  5%|▌         | 83/1656 [1:58:15<27:06:36, 62.04s/it]
  5%|▌         | 84/1656 [1:59:14<26:40:40, 61.09s/it]
  5%|▌         | 85/1656 [2:00:16<26:48:01, 61.41s/it]
  5%|▌         | 86/1656 [2:01:14<26:15:38, 60.22s/it]
  5%|▌         | 87/1656 [2:02:20<27:02:28, 62.05s/it]
  5%|▌         | 88/1656 [2:03:21<26:52:41, 61.71s/it]
  5%|▌         | 89/1656 [2:04:25<27:12:21, 62.50s/it]
  5%|▌         | 90/1656 [2:05:24<26:42:58, 61.42s/it]
  5%|▌         | 91/1656 [2:06:22<26:11:16, 60.24s/it]
  6%|▌         | 92/1656 [2:07:21<25:58:48, 59.80s/it]
  6%|▌         | 93/1656 [2:08:20<25:53:46, 59.65s/it]
  6%|▌         | 94/1656 [2:09:22<26:14:25, 60.48s/it]
  6%|▌         | 95/1656 [2:10:22<26:08:47, 60.30s/it]
  6%|▌         | 96/1656 [2:11:24<26:22:40, 60.87s/it]
  6%|▌         | 97/1656 [2:12:26<26:26:17, 61.05s/it]
  6%|▌         | 98/1656 [2:13:26<26:21:49, 60.92s/it]
  6%|▌         | 99/1656 [2:14:27<26:20:24, 60.90s/it]
  6%|▌         | 100/1656 [2:15:27<26:14:04, 60.70s/it]
                                                       
{'loss': 2.0467, 'grad_norm': 2.6207709312438965, 'learning_rate': 0.00018804347826086956, 'epoch': 0.48}

  6%|▌         | 100/1656 [2:15:27<26:14:04, 60.70s/it]
  6%|▌         | 101/1656 [2:16:29<26:19:57, 60.96s/it]
  6%|▌         | 102/1656 [2:17:28<26:05:57, 60.46s/it]
  6%|▌         | 103/1656 [2:18:29<26:08:33, 60.60s/it]
  6%|▋         | 104/1656 [2:19:40<27:27:30, 63.69s/it]
  6%|▋         | 105/1656 [2:20:41<27:01:17, 62.72s/it]
  6%|▋         | 106/1656 [2:21:40<26:34:31, 61.72s/it]
  6%|▋         | 107/1656 [2:22:40<26:18:46, 61.15s/it]
  7%|▋         | 108/1656 [2:23:40<26:13:08, 60.97s/it]
  7%|▋         | 109/1656 [2:24:41<26:11:18, 60.94s/it]
  7%|▋         | 110/1656 [2:25:41<25:59:16, 60.52s/it]
  7%|▋         | 111/1656 [2:26:43<26:11:06, 61.01s/it]
  7%|▋         | 112/1656 [2:27:44<26:08:08, 60.94s/it]
  7%|▋         | 113/1656 [2:28:51<26:53:44, 62.75s/it]
  7%|▋         | 114/1656 [2:30:04<28:14:50, 65.95s/it]
  7%|▋         | 115/1656 [2:31:14<28:45:22, 67.18s/it]
  7%|▋         | 116/1656 [2:32:29<29:44:10, 69.51s/it]
  7%|▋         | 117/1656 [2:33:42<30:04:55, 70.37s/it]
  7%|▋         | 118/1656 [2:34:56<30:34:39, 71.57s/it]
  7%|▋         | 119/1656 [2:36:07<30:29:49, 71.43s/it]
  7%|▋         | 120/1656 [2:37:26<31:28:57, 73.79s/it]
  7%|▋         | 121/1656 [2:38:39<31:23:02, 73.60s/it]
  7%|▋         | 122/1656 [2:40:04<32:42:15, 76.75s/it]
  7%|▋         | 123/1656 [2:42:26<41:08:17, 96.61s/it]
  7%|▋         | 124/1656 [2:44:27<44:07:40, 103.69s/it]
  8%|▊         | 125/1656 [2:46:27<46:13:44, 108.70s/it]
                                                        

{'loss': 1.9619, 'grad_norm': 1.7027837038040161, 'learning_rate': 0.00018502415458937198, 'epoch': 0.61}
  8%|▊         | 125/1656 [2:46:27<46:13:44, 108.70s/it]
  8%|▊         | 126/1656 [2:48:17<46:18:51, 108.98s/it]
  8%|▊         | 127/1656 [2:50:24<48:39:25, 114.56s/it]
  8%|▊         | 128/1656 [2:51:22<41:26:32, 97.64s/it] 
  8%|▊         | 129/1656 [15:46:12<5944:44:06, 14015.09s/it]
  8%|▊         | 130/1656 [15:48:30<4176:12:50, 9852.14s/it] 
  8%|▊         | 131/1656 [15:50:28<2936:24:52, 6931.86s/it]
  8%|▊         | 132/1656 [15:52:15<2067:45:06, 4884.45s/it]
  8%|▊         | 133/1656 [15:54:10<1461:05:05, 3453.65s/it]
  8%|▊         | 134/1656 [15:55:54<1035:11:30, 2448.55s/it]
  8%|▊         | 135/1656 [15:57:37<737:15:45, 1745.00s/it] 
  8%|▊         | 136/1656 [15:59:32<530:16:22, 1255.91s/it]
  8%|▊         | 137/1656 [16:01:17<384:18:39, 910.81s/it] 
  8%|▊         | 138/1656 [16:03:01<281:56:51, 668.65s/it]
  8%|▊         | 139/1656 [16:04:45<210:21:19, 499.20s/it]
  8%|▊         | 140/1656 [16:06:28<160:11:09, 380.39s/it]
  9%|▊         | 141/1656 [16:08:17<125:51:49, 299.08s/it]
  9%|▊         | 142/1656 [16:09:56<100:32:22, 239.06s/it]
  9%|▊         | 143/1656 [16:11:38<83:06:15, 197.74s/it] 
  9%|▊         | 144/1656 [16:13:19<70:53:00, 168.77s/it]
  9%|▉         | 145/1656 [16:14:49<60:57:01, 145.22s/it]
  9%|▉         | 146/1656 [16:16:54<58:20:02, 139.07s/it]
  9%|▉         | 147/1656 [16:19:31<60:32:33, 144.44s/it]
  9%|▉         | 148/1656 [16:21:58<60:53:50, 145.38s/it]
  9%|▉         | 149/1656 [16:24:35<62:13:43, 148.66s/it]
  9%|▉         | 150/1656 [16:27:26<64:58:49, 155.33s/it]
                                                         
{'loss': 1.913, 'grad_norm': 1.5673943758010864, 'learning_rate': 0.00018200483091787442, 'epoch': 0.73}

  9%|▉         | 150/1656 [16:27:26<64:58:49, 155.33s/it]
  9%|▉         | 151/1656 [16:29:06<58:07:00, 139.02s/it]
  9%|▉         | 152/1656 [16:30:43<52:47:56, 126.38s/it]
  9%|▉         | 153/1656 [16:32:03<46:53:38, 112.32s/it]
  9%|▉         | 154/1656 [16:33:03<40:23:21, 96.81s/it] 
  9%|▉         | 155/1656 [16:34:10<36:34:24, 87.72s/it]
  9%|▉         | 156/1656 [16:35:13<33:25:40, 80.23s/it]
  9%|▉         | 157/1656 [16:36:44<34:47:20, 83.55s/it]
 10%|▉         | 158/1656 [16:38:21<36:24:51, 87.51s/it]
 10%|▉         | 159/1656 [16:40:04<38:17:02, 92.07s/it]
 10%|▉         | 160/1656 [16:41:37<38:22:42, 92.35s/it]
 10%|▉         | 161/1656 [16:43:15<39:10:22, 94.33s/it]
 10%|▉         | 162/1656 [16:44:48<38:53:23, 93.71s/it]
 10%|▉         | 163/1656 [16:46:25<39:14:43, 94.63s/it]
 10%|▉         | 164/1656 [16:47:59<39:15:17, 94.72s/it]
 10%|▉         | 165/1656 [16:49:36<39:30:54, 95.41s/it]
 10%|█         | 166/1656 [16:51:13<39:39:07, 95.80s/it]
 10%|█         | 167/1656 [16:52:46<39:19:03, 95.06s/it]
 10%|█         | 168/1656 [16:54:20<39:03:56, 94.51s/it]
 10%|█         | 169/1656 [16:55:54<38:56:53, 94.29s/it]
 10%|█         | 170/1656 [16:57:36<39:58:44, 96.85s/it]
 10%|█         | 171/1656 [16:59:07<39:08:53, 94.90s/it]
 10%|█         | 172/1656 [17:00:33<38:02:53, 92.30s/it]
 10%|█         | 173/1656 [17:02:02<37:35:18, 91.25s/it]
 11%|█         | 174/1656 [17:03:30<37:10:27, 90.30s/it]
{'loss': 1.8636, 'grad_norm': 1.8747928142547607, 'learning_rate': 0.00017898550724637681, 'epoch': 0.85}
 11%|█         | 175/1656 [23:12:53<2761:21:26, 6712.28s/it]
                                                            

 11%|█         | 175/1656 [23:12:53<2761:21:26, 6712.28s/it]
 11%|█         | 176/1656 [23:14:49<1945:50:46, 4733.14s/it]
 11%|█         | 177/1656 [23:16:35<1374:18:19, 3345.17s/it]
 11%|█         | 178/1656 [23:18:06<972:31:45, 2368.81s/it] 
 11%|█         | 179/1656 [23:19:32<690:53:38, 1683.97s/it]
 11%|█         | 180/1656 [23:20:55<493:36:07, 1203.91s/it]
 11%|█         | 181/1656 [23:22:31<356:59:42, 871.31s/it] 
 11%|█         | 182/1656 [23:24:03<261:02:57, 637.57s/it]
 11%|█         | 183/1656 [23:25:37<194:13:07, 474.67s/it]
 11%|█         | 184/1656 [23:27:13<147:36:30, 361.00s/it]
 11%|█         | 185/1656 [23:28:53<115:25:17, 282.47s/it]
 11%|█         | 186/1656 [23:30:28<92:26:19, 226.38s/it] 
 11%|█▏        | 187/1656 [23:32:04<76:22:25, 187.17s/it]
 11%|█▏        | 188/1656 [23:33:38<64:56:43, 159.27s/it]
 11%|█▏        | 189/1656 [23:35:16<57:24:19, 140.87s/it]
 11%|█▏        | 190/1656 [23:37:00<52:52:09, 129.83s/it]
 12%|█▏        | 191/1656 [23:38:37<48:51:33, 120.06s/it]
 12%|█▏        | 192/1656 [23:40:18<46:30:47, 114.38s/it]
 12%|█▏        | 193/1656 [23:41:56<44:25:24, 109.31s/it]
 12%|█▏        | 194/1656 [23:43:31<42:43:56, 105.22s/it]
 12%|█▏        | 195/1656 [23:45:10<41:51:16, 103.13s/it]
 12%|█▏        | 196/1656 [23:47:01<42:48:54, 105.57s/it]
